C:\Program Files\Apache\Maven\PersonalFinanceManager Javael\src\main\java\com\finance\PersonalFinanceManager\service\CustomerService.java
C:\Program Files\Apache\Maven\PersonalFinanceManager Javael\src\main\java\com\finance\PersonalFinanceManager\service\ManagerService.java
C:\Program Files\Apache\Maven\PersonalFinanceManager Javael\src\main\java\com\finance\PersonalFinanceManager\model\Manager.java
C:\Program Files\Apache\Maven\PersonalFinanceManager Javael\src\main\java\com\finance\PersonalFinanceManager\repository\TransactionRepository.java
C:\Program Files\Apache\Maven\PersonalFinanceManager Javael\src\main\java\com\finance\PersonalFinanceManager\service\TransactionService.java
C:\Program Files\Apache\Maven\PersonalFinanceManager Javael\src\main\java\com\finance\PersonalFinanceManager\controller\HealthCheckController.java
C:\Program Files\Apache\Maven\PersonalFinanceManager Javael\src\main\java\com\finance\PersonalFinanceManager\controller\CustomerController.java
C:\Program Files\Apache\Maven\PersonalFinanceManager Javael\src\main\java\com\finance\PersonalFinanceManager\repository\ManagerRepository.java
C:\Program Files\Apache\Maven\PersonalFinanceManager Javael\src\main\java\com\finance\PersonalFinanceManager\controller\TransactionController.java
C:\Program Files\Apache\Maven\PersonalFinanceManager Javael\src\main\java\com\finance\PersonalFinanceManager\model\Transaction.java
C:\Program Files\Apache\Maven\PersonalFinanceManager Javael\src\main\java\com\finance\PersonalFinanceManager\repository\CustomerRepository.java
C:\Program Files\Apache\Maven\PersonalFinanceManager Javael\src\main\java\com\finance\PersonalFinanceManager\model\Customer.java
C:\Program Files\Apache\Maven\PersonalFinanceManager Javael\src\main\java\com\finance\PersonalFinanceManager\controller\ManagerController.java
C:\Program Files\Apache\Maven\PersonalFinanceManager Javael\src\main\java\com\finance\PersonalFinanceManager\PersonalFinanceManagerApplication.java
